     ALIGNMENT_COUNT: 0, 0
          BASE_COUNT: 21
      BIO_BASE_COUNT: 21
      CMP_BASE_COUNT: 21
        COLOR_MATRIX: 0, 1, 2, 3, 4, 1, 0, 3, 2, 4, 2, 3, 0, 1, 4, 3, 2, 1, 0, 4, 4, 4, 4, 4, 4
              CSREAD: 202311120113300010103
              CS_KEY: TT
           CS_NATIVE: false
      FIXED_SPOT_LEN: 21
         MAX_SPOT_ID: 1
         MIN_SPOT_ID: 1
                NAME: 1
            PLATFORM: SRA_PLATFORM_UNDEFINED
PRIMARY_ALIGNMENT_ID: 0, 0
             QUALITY: 65, 65, 93, 68, 68, 68, 68, 68, 70, 70, 70, 66, 70, 72, 72, 71, 71, 66, 68, 70, 70
           RD_FILTER: SRA_READ_FILTER_PASS, SRA_READ_FILTER_PASS
                READ: CCTACACTTGTATTTTGGTTA
         READ_FILTER: SRA_READ_FILTER_PASS, SRA_READ_FILTER_PASS
            READ_LEN: 21, 0
            READ_SEG: [0, 21], [21, 0]
          READ_START: 0, 21
           READ_TYPE: SRA_READ_TYPE_BIOLOGICAL, SRA_READ_TYPE_TECHNICAL
          SIGNAL_LEN: 0
          SPOT_COUNT: 1
          SPOT_GROUP: 
             SPOT_ID: 1
            SPOT_LEN: 21
          TMP_KEY_ID: 0
            TRIM_LEN: 21
          TRIM_START: 0

