     ALIGNMENT_COUNT: 0, 0
          BASE_COUNT: 152
      BIO_BASE_COUNT: 152
      CMP_BASE_COUNT: 152
        COLOR_MATRIX: 0, 1, 2, 3, 4, 1, 0, 3, 2, 4, 2, 3, 0, 1, 4, 3, 2, 1, 0, 4, 4, 4, 4, 4, 4
              CSREAD: 12231033031122330010100000000000000000000000000203301033111000111011021301111301123113320231133000013123101102202202000000000000001300011000033112330033
              CS_KEY: TT
           CS_NATIVE: false
      FIXED_SPOT_LEN: 152
         MAX_SPOT_ID: 1
         MIN_SPOT_ID: 1
                NAME: 1
            PLATFORM: SRA_PLATFORM_UNDEFINED
PRIMARY_ALIGNMENT_ID: 0, 0
             QUALITY: 0, 0, 0, 0, 0, 0, 0, 0, 0, 0, 0, 0, 0, 0, 0, 0, 0, 0, 0, 0, 0, 0, 0, 0, 0, 0, 0, 0, 0, 0, 0, 0, 0, 0, 0, 0, 0, 0, 0, 0, 0, 0, 0, 0, 0, 0, 0, 0, 0, 0, 0, 0, 0, 0, 0, 0, 0, 0, 0, 0, 0, 0, 0, 0, 0, 0, 0, 0, 0, 0, 0, 0, 0, 0, 0, 0, 0, 0, 0, 0, 0, 0, 0, 0, 0, 0, 0, 0, 0, 0, 0, 0, 0, 0, 0, 0, 0, 0, 0, 0, 0, 0, 0, 0, 0, 0, 0, 0, 0, 0, 0, 0, 0, 0, 0, 0, 0, 0, 0, 0, 0, 0, 0, 0, 0, 0, 0, 0, 0, 0, 0, 0, 0, 0, 0, 0, 0, 0, 0, 0, 0, 0, 0, 0, 0, 0, 0, 0, 0, 0, 0, 0
           RD_FILTER: SRA_READ_FILTER_PASS, SRA_READ_FILTER_PASS
                READ: GAGCAATAATGTCTATTTGGTTTTTTTTTTTTTTTTTTTTTTTTTTTCCGCCAATACACCCCACAACAAGTAACACGCCACTACATAGGATGTATTTTTGCAGCAACAAGAAGAAGGGGGGGGGGGGGGGTAAAACAAAAATACAGCGGGCG
         READ_FILTER: SRA_READ_FILTER_PASS, SRA_READ_FILTER_PASS
            READ_LEN: 76, 76
            READ_SEG: [0, 76], [76, 76]
          READ_START: 0, 76
           READ_TYPE: SRA_READ_TYPE_BIOLOGICAL, SRA_READ_TYPE_BIOLOGICAL
          SIGNAL_LEN: 0
          SPOT_COUNT: 1
          SPOT_GROUP: 
             SPOT_ID: 1
            SPOT_LEN: 152
          TMP_KEY_ID: 0
            TRIM_LEN: 152
          TRIM_START: 0

