     ALIGNMENT_COUNT: 0
          BASE_COUNT: 1025
      BIO_BASE_COUNT: 1025
      CMP_BASE_COUNT: 1025
        COLOR_MATRIX: 0, 1, 2, 3, 4, 1, 0, 3, 2, 4, 2, 3, 0, 1, 4, 3, 2, 1, 0, 4, 4, 4, 4, 4, 4
              CSREAD: 322210012320210322122211201332103303311320301111313102123201302312003302320132033002310321103331130011221303113332323010213002003211000021101122310200131221323033100013312202133133213302233311010020022300330132300202310003200331013321232321010110001301303023101020310312133023102101022122220231232120311112102001212221113010201221220231300220312312110002033301311103100002001002123131231013303331102202312133130023011111300122020003330200202233031213013102033120330231103032301220311121231230333010322221113
              CS_KEY: T
           CS_NATIVE: false
      FIXED_SPOT_LEN: 0
         MAX_SPOT_ID: 2
         MIN_SPOT_ID: 1
                NAME: 1
            PLATFORM: SRA_PLATFORM_PACBIO_SMRT
PRIMARY_ALIGNMENT_ID: 0
             QUALITY: 43, 43, 71, 69, 29, 29, 29, 29, 58, 58, 39, 39, 67, 70, 70, 70, 71, 71, 71, 71, 71, 71, 71, 45, 43, 47, 47, 71, 71, 71, 38, 38, 71, 45, 45, 71, 69, 69, 71, 71, 50, 50, 22, 22, 22, 62, 62, 70, 71, 60, 60, 71, 71, 52, 52, 71, 71, 50, 50, 50, 67, 64, 38, 38, 71, 57, 57, 57, 57, 71, 71, 71, 71, 39, 39, 39, 46, 48, 71, 71, 42, 42, 42, 43, 52, 52, 71, 71, 68, 18, 54, 54, 56, 39, 39, 52, 71, 71, 71, 71, 71, 57, 57, 71, 71, 42, 41, 6, 65, 36, 36, 65, 34, 34, 61, 70, 57, 42, 57, 67, 71, 71, 44, 44, 44, 11, 11, 11, 11, 61, 69, 53, 53, 32, 40, 53, 60, 60, 28, 27, 28, 71, 71, 71, 45, 45, 71, 55, 55, 55, 31, 71, 71, 71, 36, 36, 60, 62, 46, 46, 46, 34, 23, 24, 23, 23, 53, 71, 39, 71, 55, 36, 36, 36, 62, 69, 69, 48, 48, 70, 68, 57, 57, 39, 37, 39, 52, 52, 51, 51, 71, 46, 46, 17, 17, 17, 17, 17, 17, 62, 64, 64, 69, 67, 71, 54, 54, 54, 61, 61, 71, 71, 49, 39, 39, 39, 71, 10, 10, 10, 10, 71, 37, 37, 37, 58, 71, 52, 52, 30, 30, 33, 33, 71, 66, 64, 64, 65, 71, 46, 46, 44, 44, 43, 45, 45, 45, 45, 49, 70, 70, 55, 51, 51, 52, 67, 68, 71, 61, 71, 65, 66, 48, 51, 46, 46, 69, 69, 71, 43, 43, 71, 20, 20, 65, 55, 52, 55, 65, 40, 40, 4, 4, 54, 71, 71, 60, 60, 71, 55, 52, 47, 59, 71, 70, 24, 24, 71, 68, 68, 13, 13, 66, 70, 70, 71, 71, 71, 16, 16, 16, 59, 71, 71, 71, 71, 70, 70, 38, 24, 24, 31, 11, 11, 59, 62, 67, 67, 42, 42, 48, 47, 56, 56, 71, 71, 71, 71, 71, 28, 21, 22, 65, 65, 70, 39, 39, 64, 71, 34, 34, 34, 34, 29, 30, 30, 70, 16, 16, 16, 71, 71, 71, 59, 59, 59, 23, 23, 23, 23, 23, 35, 37, 37, 36, 48, 48, 54, 54, 30, 30, 55, 69, 60, 36, 36, 23, 23, 23, 58, 3, 3, 40, 65, 68, 66, 66, 68, 41, 41, 69, 51, 63, 71, 55, 41, 49, 29, 29, 54, 54, 54, 56, 71, 61, 70, 46, 44, 49, 36, 29, 29, 29, 30, 71, 69, 65, 29, 29, 29, 29, 29, 71, 53, 53, 5, 5, 5, 68, 68, 71, 71, 70, 61, 61, 61, 71, 48, 46, 51, 42, 71, 52, 51, 58, 43, 71, 71, 71, 71, 42, 57, 57, 42, 42, 42, 12, 12, 50, 49, 5, 5, 66, 28, 16, 16, 16, 71, 67, 36, 67, 54, 54, 71, 66, 67, 35, 36, 67, 46, 24, 10, 24, 71, 71, 45, 29, 29, 29, 52, 66, 67, 71, 71, 67, 52, 54
           RD_FILTER: SRA_READ_FILTER_PASS
                READ: AGAGTTTGATCCTGGCTCAGAGTGAACGCTGGCGGCGTGCTTAACACATGCAAGTCGAACGGATGAAATAAGCTTGCTTATTTCGTTAGTGGCGCACGGGTGAGTAATGTATAGCTAACCTGCCCTTTAGTGGGGGACAACAGATGGAAACGTCTGCTAATACCCCATACTCCTGCGTATCATAAGATATGTTGGGAAAGATTTATTGCTAAAGGATGGGGCTTTATGGTATCAGCTAGTTGGTGGGGTAACGGCCTACCAAGGCAATGACGCCTACCTGGTTCTGAGAGGATGATCAGGCACACTGGAAACTGAGACACGGTTCCAGACTCCTACGGGAGGCAGCAGTGGGGAATATTGCACAATGGGGGAAACCCTGATGCAGCAACGCCGCGTGGAGGATGACGCATTTCGGTGTGTAAACTCCTTTTATAAGGGAAGATAATGACGGTACCTTATGAATAAGCACCGGCTAACTCCGTGTCAGCAGCCGCGGTTAGAGACACG
         READ_FILTER: SRA_READ_FILTER_PASS
            READ_LEN: 507
            READ_SEG: [0, 507]
          READ_START: 0
           READ_TYPE: SRA_READ_TYPE_BIOLOGICAL
          SIGNAL_LEN: 0
          SPOT_COUNT: 2
          SPOT_GROUP: 
             SPOT_ID: 1
            SPOT_LEN: 507
            TRIM_LEN: 507
          TRIM_START: 0

     ALIGNMENT_COUNT: 0
          BASE_COUNT: 1025
      BIO_BASE_COUNT: 1025
      CMP_BASE_COUNT: 1025
        COLOR_MATRIX: 0, 1, 2, 3, 4, 1, 0, 3, 2, 4, 2, 3, 0, 1, 4, 3, 2, 1, 0, 4, 4, 4, 4, 4, 4
              CSREAD: 32221001232021032212021320133210330133132030111131310212320132221322231020312100202300020312003220322002110332013001122130133311001301021302331020020203323022300200121002213031302033303311211202123313103200132110300133220301130133202310210033312001303232321010112223301123001101020332132310013010301221222200332013012111121020121222111301201221220231302203123121100020333013331031003101002121331231033103331122112022201000230232313002322211033010002022000002213013100102202200212003032301231311121231230333010322221113
              CS_KEY: T
           CS_NATIVE: false
      FIXED_SPOT_LEN: 0
         MAX_SPOT_ID: 2
         MIN_SPOT_ID: 1
                NAME: 2
            PLATFORM: SRA_PLATFORM_PACBIO_SMRT
PRIMARY_ALIGNMENT_ID: 0
             QUALITY: 71, 68, 68, 71, 71, 71, 71, 71, 71, 71, 71, 71, 71, 69, 69, 71, 71, 71, 71, 71, 71, 71, 71, 71, 71, 71, 71, 71, 71, 71, 48, 48, 71, 70, 70, 71, 71, 71, 71, 71, 71, 71, 51, 51, 71, 71, 63, 71, 71, 71, 71, 71, 71, 71, 71, 71, 71, 71, 71, 62, 71, 71, 71, 71, 71, 71, 71, 71, 71, 71, 67, 67, 71, 71, 71, 71, 71, 71, 71, 71, 71, 71, 71, 21, 21, 21, 21, 23, 71, 71, 71, 53, 53, 53, 71, 71, 71, 71, 71, 71, 53, 53, 53, 71, 71, 59, 59, 71, 71, 71, 71, 71, 28, 28, 28, 71, 71, 71, 71, 71, 71, 71, 71, 71, 71, 71, 71, 71, 65, 69, 71, 71, 71, 71, 71, 71, 71, 18, 18, 18, 71, 71, 71, 71, 71, 71, 71, 67, 67, 71, 71, 71, 71, 71, 70, 70, 70, 71, 71, 71, 71, 71, 71, 71, 71, 71, 57, 57, 57, 71, 71, 71, 71, 71, 71, 71, 26, 26, 69, 69, 71, 71, 71, 71, 71, 71, 71, 71, 71, 71, 71, 10, 3, 4, 4, 71, 71, 71, 71, 71, 69, 69, 71, 60, 60, 60, 60, 71, 71, 71, 71, 71, 71, 71, 71, 71, 57, 57, 70, 70, 70, 71, 71, 71, 71, 62, 62, 70, 71, 71, 70, 70, 71, 71, 71, 71, 71, 67, 67, 67, 71, 57, 57, 71, 24, 24, 24, 71, 71, 71, 71, 61, 61, 71, 71, 71, 62, 62, 69, 70, 71, 71, 71, 71, 71, 71, 71, 71, 71, 71, 71, 42, 42, 42, 67, 15, 15, 66, 66, 28, 28, 71, 71, 71, 71, 71, 71, 71, 65, 65, 65, 71, 71, 71, 68, 68, 71, 68, 71, 71, 71, 71, 71, 71, 71, 39, 39, 39, 68, 71, 71, 71, 71, 71, 71, 71, 71, 71, 69, 71, 71, 71, 71, 52, 71, 71, 71, 71, 71, 71, 71, 71, 71, 71, 68, 30, 30, 71, 65, 65, 66, 71, 71, 71, 71, 71, 71, 71, 71, 71, 18, 18, 18, 61, 61, 69, 69, 71, 71, 71, 71, 71, 14, 14, 14, 14, 70, 70, 71, 71, 19, 19, 71, 71, 71, 71, 71, 71, 71, 13, 13, 13, 13, 70, 70, 53, 53, 52, 71, 71, 71, 71, 71, 71, 71, 56, 44, 45, 66, 71, 71, 71, 65, 68, 67, 71, 71, 71, 71, 71, 71, 71, 28, 28, 64, 6, 5, 15, 34, 34, 34, 34, 71, 71, 71, 71, 71, 68, 71, 71, 60, 60, 60, 60, 71, 71, 71, 71, 71, 70, 70, 70, 71, 71, 37, 37, 37, 37, 71, 71, 61, 39, 39, 39, 39, 39, 39, 71, 71, 44, 44, 70, 71, 71, 44, 44, 44, 45, 45, 71, 67, 67, 71, 35, 35, 35, 71, 70, 32, 32, 32, 48, 48, 63, 63, 71, 71, 71, 71, 71, 71, 71, 71, 67, 19, 22, 22, 71, 71, 71, 71, 71, 70, 71, 64, 64, 70, 71, 71, 71, 71, 71, 71, 71, 71, 71, 61, 73
           RD_FILTER: SRA_READ_FILTER_PASS
                READ: AGAGTTTGATCCTGGCTCAGGACGAACGCTGGCGGTATGCTTAACACATGCAAGTCGAACGAGACGAGATGGAATGACCCTTCGGGGAATGAAATCTTAGAAAGTGGCGAACGGGTGAGTAACGCGTGGGTAACCTGCCTATGGAAAGGAATAGCCTCGGGAAACTGGGAGTAATGCCTTATAATACAGTGAAGTCGCATGGCTTTGCTGTTAAACGCTCCGGTGCCATAGGATGGACCCGCGTCCCATTAGCTAGTTGGTGAGATAACAGCCCACCAAGGCGACGATGGGTAACCGGTCTGAGAGGGCGAACGGTCACACTGGAACTGAGACACGGTCCAGACTCCTACGGAGGCAGCAGTGGGGAATATTGCGCAATGGGCAACCCTGACGCAGCAATACCGCGTGAGTGAAGAGGTTTTCGGATCGTAAAGCTCTGTTATTGGGGAAGAAAAAAGACGGTACCCAAGAAGAAAGTCCCGGCTAACTACGTGTCAGCAGCCGCGGTTAGAGACACG
         READ_FILTER: SRA_READ_FILTER_PASS
            READ_LEN: 518
            READ_SEG: [0, 518]
          READ_START: 0
           READ_TYPE: SRA_READ_TYPE_BIOLOGICAL
          SIGNAL_LEN: 0
          SPOT_COUNT: 2
          SPOT_GROUP: 
             SPOT_ID: 2
            SPOT_LEN: 518
            TRIM_LEN: 518
          TRIM_START: 0

