     ALIGNMENT_COUNT: 0
          BASE_COUNT: 1033
      BIO_BASE_COUNT: 1033
      CMP_BASE_COUNT: 1033
        COLOR_MATRIX: 0, 1, 2, 3, 4, 1, 0, 3, 2, 4, 2, 3, 0, 1, 4, 3, 2, 1, 0, 4, 4, 4, 4, 4, 4
              CSREAD: 3320110002200110011000000000002310000002200001111110022000011110002112000000110330330022003213300111110000001001320011111100000110000013211101113301100110000012311110110110001110010123000000110000001100011000001110111
              CS_KEY: T
           CS_NATIVE: false
      FIXED_SPOT_LEN: 0
         MAX_SPOT_ID: 2
         MIN_SPOT_ID: 1
                NAME: 1
            PLATFORM: SRA_PLATFORM_PACBIO_SMRT
PRIMARY_ALIGNMENT_ID: 0
             QUALITY: 6, 0, 4, 0, 4, 2, 0, 0, 0, 0, 0, 0, 4, 1, 0, 0, 0, 3, 1, 0, 0, 0, 0, 0, 0, 0, 0, 0, 0, 2, 1, 1, 0, 0, 0, 0, 3, 0, 0, 0, 2, 0, 0, 0, 0, 0, 0, 0, 0, 0, 0, 0, 0, 0, 0, 3, 2, 0, 1, 0, 0, 0, 0, 0, 0, 0, 0, 0, 0, 3, 6, 0, 0, 0, 2, 1, 0, 0, 0, 0, 0, 5, 0, 0, 1, 3, 0, 0, 0, 3, 0, 0, 0, 0, 0, 4, 0, 0, 5, 0, 0, 0, 0, 0, 0, 0, 0, 3, 0, 0, 5, 0, 4, 0, 1, 0, 0, 0, 0, 0, 0, 5, 0, 0, 3, 0, 0, 2, 0, 0, 0, 0, 3, 0, 0, 0, 0, 0, 5, 0, 0, 0, 0, 5, 0, 0, 1, 0, 0, 2, 8, 0, 1, 0, 0, 4, 0, 0, 0, 0, 0, 1, 4, 0, 0, 0, 1, 0, 1, 0, 1, 0, 0, 5, 0, 8, 0, 0, 2, 0, 0, 0, 0, 1, 3, 0, 0, 0, 0, 5, 0, 0, 4, 0, 0, 1, 0, 6, 0, 0, 0, 0, 3, 1, 0, 0, 1, 3, 0, 0, 0, 0, 0, 0, 0, 0, 1
           RD_FILTER: SRA_READ_FILTER_PASS
                READ: ATCCACCCCTCCCACCCACCCCCCCCCCCCTACCCCCCCTCCCCCACACACCCTCCCCCACACCCCTGTCCCCCCCACCGCCGCCCTCCCGACGCCCACACAAAAAAACCCATCCCACACACCCCCCACCCCCCATCACAACACGCCACCCACCCCCCAGCACACCACCACCCCACAAACCAGCCCCCCCACCCCCCCACCCCACCCCCCACAACAC
         READ_FILTER: SRA_READ_FILTER_PASS
            READ_LEN: 217
            READ_SEG: [0, 217]
          READ_START: 0
           READ_TYPE: SRA_READ_TYPE_BIOLOGICAL
          SIGNAL_LEN: 0
          SPOT_COUNT: 2
          SPOT_GROUP: 
             SPOT_ID: 1
            SPOT_LEN: 217
            TRIM_LEN: 217
          TRIM_START: 0

     ALIGNMENT_COUNT: 0
          BASE_COUNT: 1033
      BIO_BASE_COUNT: 1033
      CMP_BASE_COUNT: 1033
        COLOR_MATRIX: 0, 1, 2, 3, 4, 1, 0, 3, 2, 4, 2, 3, 0, 1, 4, 3, 2, 1, 0, 4, 4, 4, 4, 4, 4
              CSREAD: 201111000011001010001130300001010110110110100011100033330001100001111000111133011003301100330111013300032133320010011000333300110101001101100032111001100000331101100000003333110330011000111001321330101220101000000000330110012303300000001101230000011000330032230032130301133330033110001230330000123000000000000011111000010101001000110000110010100011011001330110100001100001110100000001110101010001100110110101122011000033000010100032100001011000133111101110001330110003211111011333312300011111100001000111111133110110220220110000001100112300011011011110011000000000221111010000110100000000000000000000000000000000000000000000100000000000112200330101003300110000000000000000001010000000011000303002203300002200110132010011000000001100001100000000002300001110100033000110033001100000033000110011033033000033000003201101
              CS_KEY: T
           CS_NATIVE: false
      FIXED_SPOT_LEN: 0
         MAX_SPOT_ID: 2
         MIN_SPOT_ID: 1
                NAME: 2
            PLATFORM: SRA_PLATFORM_PACBIO_SMRT
PRIMARY_ALIGNMENT_ID: 0
             QUALITY: 2, 0, 0, 3, 0, 1, 0, 0, 0, 0, 0, 1, 1, 2, 0, 4, 0, 2, 0, 0, 0, 0, 0, 3, 0, 0, 0, 0, 5, 0, 0, 0, 3, 0, 4, 3, 0, 0, 0, 2, 0, 0, 0, 0, 0, 0, 0, 1, 5, 4, 3, 0, 0, 0, 2, 1, 0, 0, 0, 0, 0, 0, 4, 2, 0, 1, 0, 0, 0, 0, 0, 0, 0, 0, 0, 0, 0, 0, 0, 0, 0, 0, 0, 0, 0, 0, 0, 0, 0, 5, 0, 0, 6, 0, 0, 0, 1, 0, 0, 2, 0, 0, 1, 1, 2, 2, 0, 0, 1, 0, 0, 0, 0, 0, 0, 2, 0, 0, 0, 2, 4, 0, 2, 0, 0, 3, 3, 2, 0, 3, 3, 0, 0, 0, 1, 2, 1, 0, 0, 3, 0, 0, 0, 0, 0, 0, 0, 0, 2, 0, 0, 0, 0, 0, 3, 5, 0, 0, 5, 0, 3, 1, 0, 0, 0, 7, 0, 0, 0, 0, 1, 0, 0, 0, 0, 0, 0, 0, 0, 0, 0, 1, 2, 0, 0, 7, 5, 0, 0, 0, 0, 5, 0, 6, 3, 0, 0, 0, 0, 3, 4, 0, 0, 0, 0, 0, 0, 0, 0, 0, 0, 0, 0, 0, 0, 0, 0, 0, 0, 0, 0, 0, 0, 0, 6, 0, 0, 0, 0, 0, 0, 0, 0, 1, 0, 0, 0, 0, 2, 5, 0, 0, 0, 0, 0, 0, 0, 0, 0, 0, 0, 0, 0, 0, 5, 0, 2, 0, 0, 0, 0, 0, 0, 0, 0, 0, 0, 0, 1, 0, 0, 0, 1, 0, 3, 0, 0, 2, 0, 1, 0, 6, 4, 0, 2, 7, 0, 0, 4, 0, 2, 1, 0, 3, 0, 6, 0, 0, 0, 0, 0, 1, 0, 3, 1, 1, 2, 0, 0, 0, 0, 1, 0, 0, 0, 4, 0, 0, 0, 0, 0, 4, 4, 0, 2, 0, 0, 0, 0, 3, 2, 0, 0, 0, 3, 0, 0, 0, 1, 0, 0, 0, 0, 0, 0, 3, 0, 0, 3, 0, 0, 0, 2, 1, 0, 0, 0, 0, 0, 0, 0, 1, 0, 0, 0, 0, 0, 0, 0, 0, 0, 0, 0, 0, 0, 0, 0, 0, 0, 0, 0, 0, 0, 2, 0, 0, 0, 1, 0, 0, 0, 3, 0, 0, 2, 1, 6, 0, 1, 0, 1, 6, 4, 0, 0, 0, 0, 0, 0, 0, 2, 0, 5, 0, 1, 0, 0, 0, 0, 0, 8, 0, 0, 0, 0, 0, 1, 9, 9, 0, 0, 2, 0, 0, 0, 0, 5, 0, 0, 2, 0, 0, 0, 0, 1, 0, 2, 0, 0, 0, 0, 0, 0, 0, 0, 0, 0, 0, 4, 4, 0, 0, 0, 1, 0, 0, 0, 0, 7, 0, 0, 0, 0, 0, 0, 0, 0, 0, 0, 0, 0, 0, 4, 0, 2, 0, 0, 2, 5, 6, 0, 5, 4, 0, 0, 0, 0, 0, 0, 0, 0, 0, 0, 3, 0, 0, 0, 0, 0, 4, 1, 0, 0, 7, 0, 2, 0, 0, 0, 0, 1, 0, 0, 0, 0, 0, 0, 0, 0, 3, 2, 0, 0, 4, 0, 0, 0, 0, 0, 0, 2, 0, 0, 0, 0, 0, 0, 0, 4, 0, 0, 0, 0, 0, 0, 3, 0, 0, 0, 0, 0, 0, 0, 6, 0, 0, 3, 2, 0, 2, 4, 1, 0, 0, 0, 5, 3, 7, 0, 3, 0, 3, 1, 0, 0, 0, 0, 0, 0, 0, 0, 1, 0, 0, 0, 0, 0, 0, 0, 0, 1, 0, 0, 1, 0, 0, 0, 0, 1, 2, 0, 0, 0, 1, 0, 0, 0, 0, 0, 0, 0, 0, 0, 2, 0, 4, 0, 0, 0, 0, 0, 0, 7, 0, 0, 5, 1, 0, 0, 0, 3, 3, 0, 0, 5, 0, 0, 5, 0, 4, 0, 0, 0, 0, 3, 4, 4, 0, 0, 1, 0, 0, 0, 1, 9, 0, 0, 0, 0, 0, 0, 0, 0, 2, 0, 0, 0, 0, 0, 0, 0, 0, 0, 0, 0, 2, 0, 0, 0, 0, 2, 0, 3, 0, 4, 0, 0, 0, 0, 2, 0, 1, 0, 1, 0, 0, 0, 0, 0, 1, 2, 1, 0, 0, 0, 0, 0, 2, 0, 0, 0, 0, 0, 0, 0, 0, 0, 2, 0, 0, 0, 0, 0, 0, 0, 0, 0, 0, 0, 0, 2, 0, 0, 0, 0, 1, 0, 2, 0, 0, 1, 0, 0, 5, 0, 4, 0, 5, 0, 0, 0, 0, 1, 0, 5, 2, 0, 0, 0, 0, 2, 0, 0, 3, 0, 0, 0, 0, 0, 0, 0, 0, 2, 0, 1, 2, 0, 0, 0, 1, 1, 0, 4, 1, 0, 4, 0, 0, 2, 0, 3, 0, 2, 0, 2, 0, 3, 0, 0, 0, 0, 4, 0, 0, 0, 0
           RD_FILTER: SRA_READ_FILTER_PASS
                READ: CCACACCCCCACCCAACCCCACGGCCCCCAACCACCACCACCAAAACACCCCGCGCCCCACCCCCACACCCCACACGCCACCCGCCACCCGCCACAACGCCCCGACGCGAAACCCACCCCGCGCCCACCAACCCACCACCCCGACACCCACCCCCCGCACCACCCCCCCCGCGCACCGCCCACCCCACAAACGACGCCAACTCCAACCCCCCCCCCGCCACCCAGCCGCCCCCCCCACCAGCCCCCCACCCCGCCCGAGCCCGACGGCCACGCGCCCGCACCCCAGCCGCCCCCAGCCCCCCCCCCCCCCACACAAAAACCAACCCAAAACAAAAACAAACCAAAACAACAAACGCCACCAAAAACAAAAACACCAAAAAAAACACCAACCAAAACAAACAACAACCACTCCACCCCCGCCCCCAACCCCGACCCCCAACAAAACGCACACCACAAAACGCCACCCCGACACACCACGCGCAGCCCCACACACCCCCAAAACACACACGCACCACCTCCTCCACCCCCCCACCCACTAAAACAACAACACAAACAAAAAAAAAAGACACAACCCCCACCAAAAAAAAAAAAAAAAAAAAAAAAAAAAAAAAAAAAAAAAAAAAACCCCCCCCCCCCACTCCCGCCAACCCGCCCACCCCCCCCCCCCCCCCCCCAACCCCCCCCCACCCCGGCCCTCCGCCCCCTCCCACCATCCAAACAAAAAAAAACAAAAACAAAAAAAAAAAGCCCCCACAACCCCGCCCCACCCGCCCACCCCCCCGCCCCACCCACCGCCGCCCCCGCCCCCCGAACAAC
         READ_FILTER: SRA_READ_FILTER_PASS
            READ_LEN: 816
            READ_SEG: [0, 816]
          READ_START: 0
           READ_TYPE: SRA_READ_TYPE_BIOLOGICAL
          SIGNAL_LEN: 0
          SPOT_COUNT: 2
          SPOT_GROUP: 
             SPOT_ID: 2
            SPOT_LEN: 816
            TRIM_LEN: 816
          TRIM_START: 0

