     ALIGNMENT_COUNT: 0
          BASE_COUNT: 1076
      BIO_BASE_COUNT: 1076
      CMP_BASE_COUNT: 1076
        COLOR_MATRIX: 0, 1, 2, 3, 4, 1, 0, 3, 2, 4, 2, 3, 0, 1, 4, 3, 2, 1, 0, 4, 4, 4, 4, 4, 4
              CSREAD: 1013222012202312332112220332021212330330022330222013211133333202123102303221202133123222223222022210102222002332020301202110230033301121323222230022311123012302231012212200232222323231012221211111011221332310
              CS_KEY: T
           CS_NATIVE: false
      FIXED_SPOT_LEN: 0
         MAX_SPOT_ID: 2
         MIN_SPOT_ID: 1
                NAME: 1
            PLATFORM: SRA_PLATFORM_PACBIO_SMRT
PRIMARY_ALIGNMENT_ID: 0
             QUALITY: 20, 20, 20, 20, 20, 20, 20, 20, 20, 20, 20, 20, 20, 20, 20, 20, 20, 20, 20, 20, 20, 20, 20, 20, 20, 20, 20, 20, 20, 20, 20, 20, 20, 20, 20, 20, 20, 20, 20, 20, 20, 20, 20, 20, 20, 20, 20, 20, 20, 20, 20, 20, 20, 20, 20, 20, 20, 20, 20, 20, 20, 20, 20, 20, 20, 20, 20, 20, 20, 20, 20, 20, 20, 20, 20, 20, 20, 20, 20, 20, 20, 20, 20, 20, 20, 20, 20, 20, 20, 20, 20, 20, 20, 20, 20, 20, 20, 20, 20, 20, 20, 20, 20, 20, 20, 20, 20, 20, 20, 20, 20, 20, 20, 20, 20, 20, 20, 20, 20, 20, 20, 20, 20, 20, 20, 20, 20, 20, 20, 20, 20, 20, 20, 20, 20, 20, 20, 20, 20, 20, 20, 20, 20, 20, 20, 20, 20, 20, 20, 20, 20, 20, 20, 20, 20, 20, 20, 20, 20, 20, 20, 20, 20, 20, 20, 20, 20, 20, 20, 20, 20, 20, 20, 20, 20, 20, 20, 20, 20, 20, 20, 20, 20, 20, 20, 20, 20, 20, 20, 20, 20, 20, 20, 20, 20, 20, 20, 20, 20, 20, 20, 20, 20, 20, 20, 20, 20, 20
           RD_FILTER: SRA_READ_FILTER_PASS
                READ: GGTAGAGGTCTTCGTCGCTGTCTCCGCTTCAGTCGCCGCCCTCGCCTCTTGCTGTGCGCGCTTCAGCAAGCCGAGTCCTGCGTCGAGAGATCTCCTCTGGTTCTCTTTCGCTTCCGGTCCTGTTCGGGCGCCACTGCTAGAGATTTCTACACTAACTAAGATGGTCTGAGGGATCTCTAGCTACCAGAGTCACACAACAGACGCTACC
         READ_FILTER: SRA_READ_FILTER_PASS
            READ_LEN: 208
            READ_SEG: [0, 208]
          READ_START: 0
           READ_TYPE: SRA_READ_TYPE_BIOLOGICAL
          SIGNAL_LEN: 0
          SPOT_COUNT: 2
          SPOT_GROUP: 
             SPOT_ID: 1
            SPOT_LEN: 208
            TRIM_LEN: 208
          TRIM_START: 0

     ALIGNMENT_COUNT: 0
          BASE_COUNT: 1076
      BIO_BASE_COUNT: 1076
      CMP_BASE_COUNT: 1076
        COLOR_MATRIX: 0, 1, 2, 3, 4, 1, 0, 3, 2, 4, 2, 3, 0, 1, 4, 3, 2, 1, 0, 4, 4, 4, 4, 4, 4
              CSREAD: 1002102233330333213022022303122220120222223333332222220330021120332200030303333112133302132212333332023220222213113132131212312333122232202321133123311122231113323022223323010132003211111111013022022330222022321220221122220310222200021333220330333212112020121032122123303321113212313333333330331211033333333333211023331131222033220333330300300333123132322210303210332220323122023322123033121222232001322201302223120330010131223212010110133010130312022023120011220133131200312323331123133021323122001232300222022333212233122120103200132122332233333111203122202313322003333033332121223320221012332132022122031212210121212210132101103110220312210200310133022223303322232311132332222022100011011013022022002023010020222112231033022000320132123122201201231221221333220222132012202203020231230321122203230212123311120030101213330222132111333332233102332213121322322222102310
              CS_KEY: T
           CS_NATIVE: false
      FIXED_SPOT_LEN: 0
         MAX_SPOT_ID: 2
         MIN_SPOT_ID: 1
                NAME: 2
            PLATFORM: SRA_PLATFORM_PACBIO_SMRT
PRIMARY_ALIGNMENT_ID: 0
             QUALITY: 20, 20, 20, 20, 20, 20, 20, 20, 20, 20, 20, 20, 20, 20, 20, 20, 20, 20, 20, 20, 20, 20, 20, 20, 20, 20, 20, 20, 20, 20, 20, 20, 20, 20, 20, 20, 20, 20, 20, 20, 20, 20, 20, 20, 20, 20, 20, 20, 20, 20, 20, 20, 20, 20, 20, 20, 20, 20, 20, 20, 20, 20, 20, 20, 20, 20, 20, 20, 20, 20, 20, 20, 20, 20, 20, 20, 20, 20, 20, 20, 20, 20, 20, 20, 20, 20, 20, 20, 20, 20, 20, 20, 20, 20, 20, 20, 20, 20, 20, 20, 20, 20, 20, 20, 20, 20, 20, 20, 20, 20, 20, 20, 20, 20, 20, 20, 20, 20, 20, 20, 20, 20, 20, 20, 20, 20, 20, 20, 20, 20, 20, 20, 20, 20, 20, 20, 20, 20, 20, 20, 20, 20, 20, 20, 20, 20, 20, 20, 20, 20, 20, 20, 20, 20, 20, 20, 20, 20, 20, 20, 20, 20, 20, 20, 20, 20, 20, 20, 20, 20, 20, 20, 20, 20, 20, 20, 20, 20, 20, 20, 20, 20, 20, 20, 20, 20, 20, 20, 20, 20, 20, 20, 20, 20, 20, 20, 20, 20, 20, 20, 20, 20, 20, 20, 20, 20, 20, 20, 20, 20, 20, 20, 20, 20, 20, 20, 20, 20, 20, 20, 20, 20, 20, 20, 20, 20, 20, 20, 20, 20, 20, 20, 20, 20, 20, 20, 20, 20, 20, 20, 20, 20, 20, 20, 20, 20, 20, 20, 20, 20, 20, 20, 20, 20, 20, 20, 20, 20, 20, 20, 20, 20, 20, 20, 20, 20, 20, 20, 20, 20, 20, 20, 20, 20, 20, 20, 20, 20, 20, 20, 20, 20, 20, 20, 20, 20, 20, 20, 20, 20, 20, 20, 20, 20, 20, 20, 20, 20, 20, 20, 20, 20, 20, 20, 20, 20, 20, 20, 20, 20, 20, 20, 20, 20, 20, 20, 20, 20, 20, 20, 20, 20, 20, 20, 20, 20, 20, 20, 20, 20, 20, 20, 20, 20, 20, 20, 20, 20, 20, 20, 20, 20, 20, 20, 20, 20, 20, 20, 20, 20, 20, 20, 20, 20, 20, 20, 20, 20, 20, 20, 20, 20, 20, 20, 20, 20, 20, 20, 20, 20, 20, 20, 20, 20, 20, 20, 20, 20, 20, 20, 20, 20, 20, 20, 20, 20, 20, 20, 20, 20, 20, 20, 20, 20, 20, 20, 20, 20, 20, 20, 20, 20, 20, 20, 20, 20, 20, 20, 20, 20, 20, 20, 20, 20, 20, 20, 20, 20, 20, 20, 20, 20, 20, 20, 20, 20, 20, 20, 20, 20, 20, 20, 20, 20, 20, 20, 20, 20, 20, 20, 20, 20, 20, 20, 20, 20, 20, 20, 20, 20, 20, 20, 20, 20, 20, 20, 20, 20, 20, 20, 20, 20, 20, 20, 20, 20, 20, 20, 20, 20, 20, 20, 20, 20, 20, 20, 20, 20, 20, 20, 20, 20, 20, 20, 20, 20, 20, 20, 20, 20, 20, 20, 20, 20, 20, 20, 20, 20, 20, 20, 20, 20, 20, 20, 20, 20, 20, 20, 20, 20, 20, 20, 20, 20, 20, 20, 20, 20, 20, 20, 20, 20, 20, 20, 20, 20, 20, 20, 20, 20, 20, 20, 20, 20, 20, 20, 20, 20, 20, 20, 20, 20, 20, 20, 20, 20, 20, 20, 20, 20, 20, 20, 20, 20, 20, 20, 20, 20, 20, 20, 20, 20, 20, 20, 20, 20, 20, 20, 20, 20, 20, 20, 20, 20, 20, 20, 20, 20, 20, 20, 20, 20, 20, 20, 20, 20, 20, 20, 20, 20, 20, 20, 20, 20, 20, 20, 20, 20, 20, 20, 20, 20, 20, 20, 20, 20, 20, 20, 20, 20, 20, 20, 20, 20, 20, 20, 20, 20, 20, 20, 20, 20, 20, 20, 20, 20, 20, 20, 20, 20, 20, 20, 20, 20, 20, 20, 20, 20, 20, 20, 20, 20, 20, 20, 20, 20, 20, 20, 20, 20, 20, 20, 20, 20, 20, 20, 20, 20, 20, 20, 20, 20, 20, 20, 20, 20, 20, 20, 20, 20, 20, 20, 20, 20, 20, 20, 20, 20, 20, 20, 20, 20, 20, 20, 20, 20, 20, 20, 20, 20, 20, 20, 20, 20, 20, 20, 20, 20, 20, 20, 20, 20, 20, 20, 20, 20, 20, 20, 20, 20, 20, 20, 20, 20, 20, 20, 20, 20, 20, 20, 20, 20, 20, 20, 20, 20, 20, 20, 20, 20, 20, 20, 20, 20, 20, 20, 20, 20, 20, 20, 20, 20, 20, 20, 20, 20, 20, 20, 20, 20, 20, 20, 20, 20, 20, 20, 20, 20, 20, 20, 20, 20, 20, 20, 20, 20, 20, 20, 20, 20, 20, 20, 20, 20, 20, 20, 20, 20, 20, 20, 20, 20, 20, 20, 20, 20, 20, 20, 20, 20, 20, 20, 20, 20, 20, 20, 20, 20, 20, 20, 20, 20, 20, 20, 20, 20, 20, 20, 20, 20, 20, 20, 20, 20, 20, 20, 20, 20, 20, 20, 20, 20, 20, 20, 20, 20, 20, 20, 20, 20, 20, 20, 20, 20, 20, 20, 20, 20, 20, 20, 20, 20, 20, 20, 20, 20, 20, 20, 20, 20, 20, 20, 20, 20, 20, 20, 20, 20, 20, 20, 20, 20, 20, 20, 20, 20, 20, 20
           RD_FILTER: SRA_READ_FILTER_PASS
                READ: GGGACCTCGCGCCGCGACGGAGGAGCCGTCTCTTGAAGAGAGCGCGCGAGAGAGGCGGGACAGGCGAGGGGCCGGCGCGTGACGCGGACGAGTCGCGCGAAGCTCCTCTCATGTACGACGTCAGCAGCGCAGAGCTCCTAGTGCGTCGCACAGAGCACATAGCCTCTCGCTAACCATCCCGACACACACAACGGAGGAGCGGAGAAGATCAGAAGACAGAGAATGGAGAGGGGACGCGAGGCGGCGCTGACAGGAACTGGCTGAGTCGCCGCTGTGCTGATGCGCGCGCGCCGCAGTGGCGCGCGCGCGCTGTTCGCGTGCAGAGGCGAGGCGCGCCGGGCCCGCGTCGTAGCTCTGGCCGACCGCTCTTAGCAGAAGCGAGTCGGCGTCAGAGATCCCATCTCCATTCTCGTCCGCCCAACGTCTAGTCCAACAACGCCAACGGCAGGAGGATGAAACAGAACGCATGAAATGATCGCGTGATGCGGACGATGAGGGTCGATTTCTCCTCGCGACTCGCAGACTTGGCTTTGCTGAGCGAGCGCGCACAGGCAGAGGATGCGAGGGCGCGGCGCGACTGAGCGAAGACCAGCGACGAAGACTCCGTCAGACCAGTCAGACCATCAACAATGTTCTTACTCAAGGGCAACGCCTCTCGCCGCTCTAGCACATCGCTCTCCTCAAAACAACAACGGAGGAGGGAAGCCAAAGGAGACAGATGGCGGAGGGGCTTGCTGATGAGAACTTGATGAGTCTGCGCTCCTCTGCTTGAGGAGGCCTTCGTCGGCTGTCTCCGATTCAGTCGCACAGGGCCAACTGCGCCTCTGCTGTGCGCGCTCGCAAGCGAGTACTGCTCGAGAGACCTACC
         READ_FILTER: SRA_READ_FILTER_PASS
            READ_LEN: 868
            READ_SEG: [0, 868]
          READ_START: 0
           READ_TYPE: SRA_READ_TYPE_BIOLOGICAL
          SIGNAL_LEN: 0
          SPOT_COUNT: 2
          SPOT_GROUP: 
             SPOT_ID: 2
            SPOT_LEN: 868
            TRIM_LEN: 868
          TRIM_START: 0

