     ALIGNMENT_COUNT: 0, 0
          BASE_COUNT: 404
      BIO_BASE_COUNT: 404
      CMP_BASE_COUNT: 404
        COLOR_MATRIX: 0, 1, 2, 3, 4, 1, 0, 3, 2, 4, 2, 3, 0, 1, 4, 3, 2, 1, 0, 4, 4, 4, 4, 4, 4
              CSREAD: 2230120003312333000101101303001013310103223001100120023010030322210223120322311200013213102011200203322132132213111122002212110220112212323122012213221002021302221333210033032200312330210133320301210321
              CS_KEY: TT
           CS_NATIVE: false
      FIXED_SPOT_LEN: 202
         MAX_SPOT_ID: 2
         MIN_SPOT_ID: 1
                NAME: 1
            PLATFORM: SRA_PLATFORM_UNDEFINED
PRIMARY_ALIGNMENT_ID: 0, 0
             QUALITY: 30, 30, 27, 35, 26, 35, 35, 35, 37, 32, 34, 23, 11, 34, 25, 34, 37, 38, 40, 33, 38, 10, 34, 34, 8, 18, 27, 34, 37, 39, 29, 34, 16, 9, 25, 36, 37, 35, 33, 34, 30, 9, 16, 33, 38, 37, 15, 33, 37, 31, 9, 24, 35, 34, 29, 33, 8, 30, 30, 34, 34, 33, 34, 25, 35, 22, 23, 19, 31, 28, 37, 36, 36, 31, 36, 32, 25, 8, 22, 8, 8, 28, 30, 24, 30, 22, 31, 31, 33, 34, 25, 29, 26, 26, 18, 28, 31, 33, 33, 33, 33, 31, 33, 31, 37, 30, 35, 32, 36, 39, 39, 19, 34, 27, 32, 34, 25, 36, 36, 39, 29, 34, 40, 37, 39, 40, 38, 38, 38, 29, 36, 38, 38, 39, 34, 37, 36, 38, 38, 38, 38, 34, 36, 38, 39, 40, 41, 41, 38, 38, 38, 38, 36, 33, 38, 40, 39, 38, 29, 30, 37, 39, 33, 27, 36, 27, 34, 31, 36, 38, 38, 38, 36, 38, 40, 37, 29, 39, 32, 38, 38, 36, 37, 34, 39, 39, 30, 36, 18, 20, 24, 18, 29, 31, 32, 34, 34, 35, 34, 33, 34, 30
           RD_FILTER: SRA_READ_FILTER_PASS, SRA_READ_FILTER_PASS
                READ: CTAACTTTTATGATATTTTGGTGGTAATTTGGTATGGTTAGATTTGTTTGAAAGCCAAATTAGAGTTCTACTTAGATGTCCCCATCATGGAACAGGGAATACTGCTGCTCATGTGTCTTTCTGACAAGAACAGACTAGCAGAACTCATCTGGGAAGTAAGAGTATAGTTTATTAGAAATGATAAGTTGCGCTTAACTGGCTG
         READ_FILTER: SRA_READ_FILTER_PASS, SRA_READ_FILTER_PASS
            READ_LEN: 101, 101
            READ_SEG: [0, 101], [101, 101]
          READ_START: 0, 101
           READ_TYPE: SRA_READ_TYPE_BIOLOGICAL, SRA_READ_TYPE_BIOLOGICAL
          SIGNAL_LEN: 0
          SPOT_COUNT: 2
          SPOT_GROUP: GATCAG
             SPOT_ID: 1
            SPOT_LEN: 202
            TRIM_LEN: 202
          TRIM_START: 0

     ALIGNMENT_COUNT: 0, 0
          BASE_COUNT: 404
      BIO_BASE_COUNT: 404
      CMP_BASE_COUNT: 404
        COLOR_MATRIX: 0, 1, 2, 3, 4, 1, 0, 3, 2, 4, 2, 3, 0, 1, 4, 3, 2, 1, 0, 4, 4, 4, 4, 4, 4
              CSREAD: 1131131133323131133030331132231121330123331222003300110002133123111202120023213022003330321020211202111300303030011213303300332202121220032020312021032011103132222220220023012002233111002332013120311030
              CS_KEY: TT
           CS_NATIVE: false
      FIXED_SPOT_LEN: 202
         MAX_SPOT_ID: 2
         MIN_SPOT_ID: 1
                NAME: 2
            PLATFORM: SRA_PLATFORM_UNDEFINED
PRIMARY_ALIGNMENT_ID: 0, 0
             QUALITY: 33, 33, 31, 35, 37, 37, 37, 37, 38, 39, 38, 39, 39, 40, 40, 39, 37, 39, 40, 40, 40, 41, 41, 41, 41, 41, 41, 41, 40, 38, 40, 41, 41, 39, 39, 40, 41, 41, 37, 36, 40, 39, 40, 37, 40, 37, 34, 35, 36, 38, 39, 40, 40, 41, 40, 41, 40, 41, 37, 38, 40, 40, 37, 40, 39, 38, 40, 40, 41, 41, 38, 40, 40, 41, 41, 40, 40, 38, 41, 40, 40, 40, 38, 38, 36, 39, 40, 41, 39, 39, 39, 37, 39, 38, 39, 37, 37, 37, 37, 37, 37, 31, 33, 34, 37, 37, 37, 37, 37, 39, 39, 39, 39, 39, 39, 40, 38, 38, 40, 40, 41, 41, 40, 40, 41, 41, 40, 41, 40, 41, 39, 38, 40, 39, 40, 40, 40, 41, 38, 38, 39, 40, 38, 39, 40, 40, 41, 41, 40, 41, 38, 40, 40, 41, 41, 41, 41, 41, 41, 41, 41, 41, 41, 40, 41, 38, 40, 41, 41, 40, 41, 40, 39, 41, 41, 41, 41, 41, 41, 40, 41, 40, 36, 39, 38, 39, 34, 36, 37, 35, 37, 37, 37, 36, 36, 37, 36, 36, 36, 35, 35, 35
           RD_FILTER: SRA_READ_FILTER_PASS, SRA_READ_FILTER_PASS
                READ: GTACATGTATAGCATGTATTAATACATCTACAGTATTGATATGAGAAATAAACAAAAGTATGATGTGAAGTCCCTAGTAAGAAATATTAGTTCCTGTCCTGGTAAATTAATTTGTCATAATAAATAGAAGTCAGAAATCCTTACTTCAATCCACAATGCTCTCTCCTCCCTAACTTTCTATGTGGGATAGGTACTTACAATT
         READ_FILTER: SRA_READ_FILTER_PASS, SRA_READ_FILTER_PASS
            READ_LEN: 101, 101
            READ_SEG: [0, 101], [101, 101]
          READ_START: 0, 101
           READ_TYPE: SRA_READ_TYPE_BIOLOGICAL, SRA_READ_TYPE_BIOLOGICAL
          SIGNAL_LEN: 0
          SPOT_COUNT: 2
          SPOT_GROUP: GATCAG
             SPOT_ID: 2
            SPOT_LEN: 202
            TRIM_LEN: 202
          TRIM_START: 0

